============================= test session starts =============================
platform win32 -- Python 3.10.11, pytest-7.4.4, pluggy-1.6.0 -- C:\Users\Rahul Reddy\AppData\Local\Programs\Python\Python310\python.exe
cachedir: .pytest_cache
rootdir: C:\Users\Rahul Reddy\Downloads\Ambulance folder
plugins: anyio-4.12.0, cov-7.0.0, timeout-2.4.0
collecting ... collected 0 items / 1 error

=================================== ERRORS ====================================
___________________ ERROR collecting tests/test_spatial.py ____________________
ImportError while importing test module 'C:\Users\Rahul Reddy\Downloads\Ambulance folder\tests\test_spatial.py'.
Hint: make sure your test modules/packages have valid Python names.
Traceback:
..\..\AppData\Local\Programs\Python\Python310\lib\importlib\__init__.py:126: in import_module
    return _bootstrap._gcd_import(name[level:], package, level)
tests\test_spatial.py:3: in <module>
    import geopandas as gpd
E   ModuleNotFoundError: No module named 'geopandas'
=========================== short test summary info ===========================
ERROR tests/test_spatial.py
!!!!!!!!!!!!!!!!!!! Interrupted: 1 error during collection !!!!!!!!!!!!!!!!!!!!
============================== 1 error in 0.27s ===============================
